Performing Curl Test HAVE_FSETXATTR_5 failed with the following output:
Change Dir: '/Users/artem/TripBot/build/CMakeFiles/CMakeTmp'

Run Build Command(s): /opt/homebrew/Cellar/cmake/3.30.4/bin/cmake -E env VERBOSE=1 /usr/bin/make -f Makefile cmTC_30dfe/fast
/Library/Developer/CommandLineTools/usr/bin/make  -f CMakeFiles/cmTC_30dfe.dir/build.make CMakeFiles/cmTC_30dfe.dir/build
Building C object CMakeFiles/cmTC_30dfe.dir/CurlTests.c.o
/Library/Developer/CommandLineTools/usr/bin/cc   -DHAVE_FSETXATTR_5  -DHAVE_STDIO_H -DHAVE_INTTYPES_H -DHAVE_SYS_FILIO_H -DHAVE_SYS_IOCTL_H -DHAVE_SYS_PARAM_H -DHAVE_SYS_POLL_H -DHAVE_SYS_RESOURCE_H -DHAVE_SYS_SELECT_H -DHAVE_SYS_SOCKET_H -DHAVE_SYS_SOCKIO_H -DHAVE_SYS_STAT_H -DHAVE_SYS_TIME_H -DHAVE_SYS_TYPES_H -DHAVE_SYS_UIO_H -DHAVE_SYS_UN_H -DHAVE_SYS_XATTR_H -DHAVE_ALLOCA_H -DHAVE_ARPA_INET_H -DHAVE_ARPA_TFTP_H -DHAVE_ASSERT_H -DHAVE_ERRNO_H -DHAVE_FCNTL_H -DHAVE_IFADDRS_H -DHAVE_LIBGEN_H -DHAVE_LOCALE_H -DHAVE_NET_IF_H -DHAVE_NETDB_H -DHAVE_NETINET_IN_H -DHAVE_NETINET_TCP_H -DHAVE_POLL_H -DHAVE_PWD_H -DHAVE_SETJMP_H -DHAVE_SIGNAL_H -DHAVE_STDBOOL_H -DHAVE_STDINT_H -DHAVE_STDIO_H -DHAVE_STDLIB_H -DHAVE_STRING_H -DHAVE_STRINGS_H -DHAVE_TERMIOS_H -DHAVE_TIME_H -DHAVE_UNISTD_H -DHAVE_UTIME_H -DHAVE_STDDEF_H -DHAVE_DLFCN_H -DHAVE_MEMORY_H -DHAVE_NETINET_IF_ETHER_H -DHAVE_STDINT_H -DHAVE_SYS_UTSNAME_H -arch arm64 -isysroot /Library/Developer/CommandLineTools/SDKs/MacOSX15.2.sdk -MD -MT CMakeFiles/cmTC_30dfe.dir/CurlTests.c.o -MF CMakeFiles/cmTC_30dfe.dir/CurlTests.c.o.d -o CMakeFiles/cmTC_30dfe.dir/CurlTests.c.o -c /Users/artem/TripBot/build/_deps/curl-src/CMake/CurlTests.c
/Users/artem/TripBot/build/_deps/curl-src/CMake/CurlTests.c:451:26: error: too few arguments to function call, expected 6, have 5
  451 |   fsetxattr(0, 0, 0, 0, 0);
      |   ~~~~~~~~~              ^
/Library/Developer/CommandLineTools/SDKs/MacOSX15.2.sdk/usr/include/sys/xattr.h:70:5: note: 'fsetxattr' declared here
   70 | int fsetxattr(int fd, const char *name, const void *value, size_t size, u_int32_t position, int options);
      |     ^         ~~~~~~~~~~~~~~~~~~~~~~~~~~~~~~~~~~~~~~~~~~~~~~~~~~~~~~~~~~~~~~~~~~~~~~~~~~~~~~~~~~~~~~~~~
1 error generated.
make[1]: *** [CMakeFiles/cmTC_30dfe.dir/CurlTests.c.o] Error 1
make: *** [cmTC_30dfe/fast] Error 2


Performing Curl Test HAVE_IOCTLSOCKET failed with the following output:
Change Dir: '/Users/artem/TripBot/build/CMakeFiles/CMakeTmp'

Run Build Command(s): /opt/homebrew/Cellar/cmake/3.30.4/bin/cmake -E env VERBOSE=1 /usr/bin/make -f Makefile cmTC_79fc7/fast
/Library/Developer/CommandLineTools/usr/bin/make  -f CMakeFiles/cmTC_79fc7.dir/build.make CMakeFiles/cmTC_79fc7.dir/build
Building C object CMakeFiles/cmTC_79fc7.dir/CurlTests.c.o
/Library/Developer/CommandLineTools/usr/bin/cc   -DHAVE_IOCTLSOCKET  -DHAVE_STDIO_H -DHAVE_INTTYPES_H -DHAVE_SYS_FILIO_H -DHAVE_SYS_IOCTL_H -DHAVE_SYS_PARAM_H -DHAVE_SYS_POLL_H -DHAVE_SYS_RESOURCE_H -DHAVE_SYS_SELECT_H -DHAVE_SYS_SOCKET_H -DHAVE_SYS_SOCKIO_H -DHAVE_SYS_STAT_H -DHAVE_SYS_TIME_H -DHAVE_SYS_TYPES_H -DHAVE_SYS_UIO_H -DHAVE_SYS_UN_H -DHAVE_SYS_XATTR_H -DHAVE_ALLOCA_H -DHAVE_ARPA_INET_H -DHAVE_ARPA_TFTP_H -DHAVE_ASSERT_H -DHAVE_ERRNO_H -DHAVE_FCNTL_H -DHAVE_IFADDRS_H -DHAVE_LIBGEN_H -DHAVE_LOCALE_H -DHAVE_NET_IF_H -DHAVE_NETDB_H -DHAVE_NETINET_IN_H -DHAVE_NETINET_TCP_H -DHAVE_POLL_H -DHAVE_PWD_H -DHAVE_SETJMP_H -DHAVE_SIGNAL_H -DHAVE_STDBOOL_H -DHAVE_STDINT_H -DHAVE_STDIO_H -DHAVE_STDLIB_H -DHAVE_STRING_H -DHAVE_STRINGS_H -DHAVE_TERMIOS_H -DHAVE_TIME_H -DHAVE_UNISTD_H -DHAVE_UTIME_H -DHAVE_STDDEF_H -DHAVE_DLFCN_H -DHAVE_MEMORY_H -DHAVE_NETINET_IF_ETHER_H -DHAVE_STDINT_H -DHAVE_SYS_UTSNAME_H -arch arm64 -isysroot /Library/Developer/CommandLineTools/SDKs/MacOSX15.2.sdk -MD -MT CMakeFiles/cmTC_79fc7.dir/CurlTests.c.o -MF CMakeFiles/cmTC_79fc7.dir/CurlTests.c.o.d -o CMakeFiles/cmTC_79fc7.dir/CurlTests.c.o -c /Users/artem/TripBot/build/_deps/curl-src/CMake/CurlTests.c
/Users/artem/TripBot/build/_deps/curl-src/CMake/CurlTests.c:241:24: error: call to undeclared function 'ioctlsocket'; ISO C99 and later do not support implicit function declarations [-Wimplicit-function-declaration]
  241 |  unsigned long flags = ioctlsocket(socket, FIONBIO, &flags);
      |                        ^
/Users/artem/TripBot/build/_deps/curl-src/CMake/CurlTests.c:241:44: error: use of undeclared identifier 'FIONBIO'
  241 |  unsigned long flags = ioctlsocket(socket, FIONBIO, &flags);
      |                                            ^
2 errors generated.
make[1]: *** [CMakeFiles/cmTC_79fc7.dir/CurlTests.c.o] Error 1
make: *** [cmTC_79fc7/fast] Error 2


Performing Curl Test HAVE_IOCTLSOCKET_CAMEL failed with the following output:
Change Dir: '/Users/artem/TripBot/build/CMakeFiles/CMakeTmp'

Run Build Command(s): /opt/homebrew/Cellar/cmake/3.30.4/bin/cmake -E env VERBOSE=1 /usr/bin/make -f Makefile cmTC_c8add/fast
/Library/Developer/CommandLineTools/usr/bin/make  -f CMakeFiles/cmTC_c8add.dir/build.make CMakeFiles/cmTC_c8add.dir/build
Building C object CMakeFiles/cmTC_c8add.dir/CurlTests.c.o
/Library/Developer/CommandLineTools/usr/bin/cc   -DHAVE_IOCTLSOCKET_CAMEL  -DHAVE_STDIO_H -DHAVE_INTTYPES_H -DHAVE_SYS_FILIO_H -DHAVE_SYS_IOCTL_H -DHAVE_SYS_PARAM_H -DHAVE_SYS_POLL_H -DHAVE_SYS_RESOURCE_H -DHAVE_SYS_SELECT_H -DHAVE_SYS_SOCKET_H -DHAVE_SYS_SOCKIO_H -DHAVE_SYS_STAT_H -DHAVE_SYS_TIME_H -DHAVE_SYS_TYPES_H -DHAVE_SYS_UIO_H -DHAVE_SYS_UN_H -DHAVE_SYS_XATTR_H -DHAVE_ALLOCA_H -DHAVE_ARPA_INET_H -DHAVE_ARPA_TFTP_H -DHAVE_ASSERT_H -DHAVE_ERRNO_H -DHAVE_FCNTL_H -DHAVE_IFADDRS_H -DHAVE_LIBGEN_H -DHAVE_LOCALE_H -DHAVE_NET_IF_H -DHAVE_NETDB_H -DHAVE_NETINET_IN_H -DHAVE_NETINET_TCP_H -DHAVE_POLL_H -DHAVE_PWD_H -DHAVE_SETJMP_H -DHAVE_SIGNAL_H -DHAVE_STDBOOL_H -DHAVE_STDINT_H -DHAVE_STDIO_H -DHAVE_STDLIB_H -DHAVE_STRING_H -DHAVE_STRINGS_H -DHAVE_TERMIOS_H -DHAVE_TIME_H -DHAVE_UNISTD_H -DHAVE_UTIME_H -DHAVE_STDDEF_H -DHAVE_DLFCN_H -DHAVE_MEMORY_H -DHAVE_NETINET_IF_ETHER_H -DHAVE_STDINT_H -DHAVE_SYS_UTSNAME_H -arch arm64 -isysroot /Library/Developer/CommandLineTools/SDKs/MacOSX15.2.sdk -MD -MT CMakeFiles/cmTC_c8add.dir/CurlTests.c.o -MF CMakeFiles/cmTC_c8add.dir/CurlTests.c.o.d -o CMakeFiles/cmTC_c8add.dir/CurlTests.c.o -c /Users/artem/TripBot/build/_deps/curl-src/CMake/CurlTests.c
/Users/artem/TripBot/build/_deps/curl-src/CMake/CurlTests.c:265:13: error: call to undeclared function 'IoctlSocket'; ISO C99 and later do not support implicit function declarations [-Wimplicit-function-declaration]
  265 |     if(0 != IoctlSocket(0, 0, 0))
      |             ^
1 error generated.
make[1]: *** [CMakeFiles/cmTC_c8add.dir/CurlTests.c.o] Error 1
make: *** [cmTC_c8add/fast] Error 2


Performing Curl Test HAVE_IOCTLSOCKET_CAMEL_FIONBIO failed with the following output:
Change Dir: '/Users/artem/TripBot/build/CMakeFiles/CMakeTmp'

Run Build Command(s): /opt/homebrew/Cellar/cmake/3.30.4/bin/cmake -E env VERBOSE=1 /usr/bin/make -f Makefile cmTC_99c35/fast
/Library/Developer/CommandLineTools/usr/bin/make  -f CMakeFiles/cmTC_99c35.dir/build.make CMakeFiles/cmTC_99c35.dir/build
Building C object CMakeFiles/cmTC_99c35.dir/CurlTests.c.o
/Library/Developer/CommandLineTools/usr/bin/cc   -DHAVE_IOCTLSOCKET_CAMEL_FIONBIO  -DHAVE_STDIO_H -DHAVE_INTTYPES_H -DHAVE_SYS_FILIO_H -DHAVE_SYS_IOCTL_H -DHAVE_SYS_PARAM_H -DHAVE_SYS_POLL_H -DHAVE_SYS_RESOURCE_H -DHAVE_SYS_SELECT_H -DHAVE_SYS_SOCKET_H -DHAVE_SYS_SOCKIO_H -DHAVE_SYS_STAT_H -DHAVE_SYS_TIME_H -DHAVE_SYS_TYPES_H -DHAVE_SYS_UIO_H -DHAVE_SYS_UN_H -DHAVE_SYS_XATTR_H -DHAVE_ALLOCA_H -DHAVE_ARPA_INET_H -DHAVE_ARPA_TFTP_H -DHAVE_ASSERT_H -DHAVE_ERRNO_H -DHAVE_FCNTL_H -DHAVE_IFADDRS_H -DHAVE_LIBGEN_H -DHAVE_LOCALE_H -DHAVE_NET_IF_H -DHAVE_NETDB_H -DHAVE_NETINET_IN_H -DHAVE_NETINET_TCP_H -DHAVE_POLL_H -DHAVE_PWD_H -DHAVE_SETJMP_H -DHAVE_SIGNAL_H -DHAVE_STDBOOL_H -DHAVE_STDINT_H -DHAVE_STDIO_H -DHAVE_STDLIB_H -DHAVE_STRING_H -DHAVE_STRINGS_H -DHAVE_TERMIOS_H -DHAVE_TIME_H -DHAVE_UNISTD_H -DHAVE_UTIME_H -DHAVE_STDDEF_H -DHAVE_DLFCN_H -DHAVE_MEMORY_H -DHAVE_NETINET_IF_ETHER_H -DHAVE_STDINT_H -DHAVE_SYS_UTSNAME_H -arch arm64 -isysroot /Library/Developer/CommandLineTools/SDKs/MacOSX15.2.sdk -MD -MT CMakeFiles/cmTC_99c35.dir/CurlTests.c.o -MF CMakeFiles/cmTC_99c35.dir/CurlTests.c.o.d -o CMakeFiles/cmTC_99c35.dir/CurlTests.c.o -c /Users/artem/TripBot/build/_deps/curl-src/CMake/CurlTests.c
/Users/artem/TripBot/build/_deps/curl-src/CMake/CurlTests.c:289:17: error: call to undeclared function 'IoctlSocket'; ISO C99 and later do not support implicit function declarations [-Wimplicit-function-declaration]
  289 |         if(0 != IoctlSocket(0, FIONBIO, &flags))
      |                 ^
/Users/artem/TripBot/build/_deps/curl-src/CMake/CurlTests.c:289:32: error: use of undeclared identifier 'FIONBIO'
  289 |         if(0 != IoctlSocket(0, FIONBIO, &flags))
      |                                ^
2 errors generated.
make[1]: *** [CMakeFiles/cmTC_99c35.dir/CurlTests.c.o] Error 1
make: *** [cmTC_99c35/fast] Error 2


Performing Curl Test HAVE_IOCTLSOCKET_FIONBIO failed with the following output:
Change Dir: '/Users/artem/TripBot/build/CMakeFiles/CMakeTmp'

Run Build Command(s): /opt/homebrew/Cellar/cmake/3.30.4/bin/cmake -E env VERBOSE=1 /usr/bin/make -f Makefile cmTC_61f33/fast
/Library/Developer/CommandLineTools/usr/bin/make  -f CMakeFiles/cmTC_61f33.dir/build.make CMakeFiles/cmTC_61f33.dir/build
Building C object CMakeFiles/cmTC_61f33.dir/CurlTests.c.o
/Library/Developer/CommandLineTools/usr/bin/cc   -DHAVE_IOCTLSOCKET_FIONBIO  -DHAVE_STDIO_H -DHAVE_INTTYPES_H -DHAVE_SYS_FILIO_H -DHAVE_SYS_IOCTL_H -DHAVE_SYS_PARAM_H -DHAVE_SYS_POLL_H -DHAVE_SYS_RESOURCE_H -DHAVE_SYS_SELECT_H -DHAVE_SYS_SOCKET_H -DHAVE_SYS_SOCKIO_H -DHAVE_SYS_STAT_H -DHAVE_SYS_TIME_H -DHAVE_SYS_TYPES_H -DHAVE_SYS_UIO_H -DHAVE_SYS_UN_H -DHAVE_SYS_XATTR_H -DHAVE_ALLOCA_H -DHAVE_ARPA_INET_H -DHAVE_ARPA_TFTP_H -DHAVE_ASSERT_H -DHAVE_ERRNO_H -DHAVE_FCNTL_H -DHAVE_IFADDRS_H -DHAVE_LIBGEN_H -DHAVE_LOCALE_H -DHAVE_NET_IF_H -DHAVE_NETDB_H -DHAVE_NETINET_IN_H -DHAVE_NETINET_TCP_H -DHAVE_POLL_H -DHAVE_PWD_H -DHAVE_SETJMP_H -DHAVE_SIGNAL_H -DHAVE_STDBOOL_H -DHAVE_STDINT_H -DHAVE_STDIO_H -DHAVE_STDLIB_H -DHAVE_STRING_H -DHAVE_STRINGS_H -DHAVE_TERMIOS_H -DHAVE_TIME_H -DHAVE_UNISTD_H -DHAVE_UTIME_H -DHAVE_STDDEF_H -DHAVE_DLFCN_H -DHAVE_MEMORY_H -DHAVE_NETINET_IF_ETHER_H -DHAVE_STDINT_H -DHAVE_SYS_UTSNAME_H -arch arm64 -isysroot /Library/Developer/CommandLineTools/SDKs/MacOSX15.2.sdk -MD -MT CMakeFiles/cmTC_61f33.dir/CurlTests.c.o -MF CMakeFiles/cmTC_61f33.dir/CurlTests.c.o.d -o CMakeFiles/cmTC_61f33.dir/CurlTests.c.o -c /Users/artem/TripBot/build/_deps/curl-src/CMake/CurlTests.c
/Users/artem/TripBot/build/_deps/curl-src/CMake/CurlTests.c:312:17: error: call to undeclared function 'ioctlsocket'; ISO C99 and later do not support implicit function declarations [-Wimplicit-function-declaration]
  312 |         if(0 != ioctlsocket(0, FIONBIO, &flags))
      |                 ^
/Users/artem/TripBot/build/_deps/curl-src/CMake/CurlTests.c:312:32: error: use of undeclared identifier 'FIONBIO'
  312 |         if(0 != ioctlsocket(0, FIONBIO, &flags))
      |                                ^
2 errors generated.
make[1]: *** [CMakeFiles/cmTC_61f33.dir/CurlTests.c.o] Error 1
make: *** [cmTC_61f33/fast] Error 2


Performing Curl Test HAVE_SETSOCKOPT_SO_NONBLOCK failed with the following output:
Change Dir: '/Users/artem/TripBot/build/CMakeFiles/CMakeTmp'

Run Build Command(s): /opt/homebrew/Cellar/cmake/3.30.4/bin/cmake -E env VERBOSE=1 /usr/bin/make -f Makefile cmTC_8962d/fast
/Library/Developer/CommandLineTools/usr/bin/make  -f CMakeFiles/cmTC_8962d.dir/build.make CMakeFiles/cmTC_8962d.dir/build
Building C object CMakeFiles/cmTC_8962d.dir/CurlTests.c.o
/Library/Developer/CommandLineTools/usr/bin/cc   -DHAVE_SETSOCKOPT_SO_NONBLOCK  -DHAVE_STDIO_H -DHAVE_INTTYPES_H -DHAVE_SYS_FILIO_H -DHAVE_SYS_IOCTL_H -DHAVE_SYS_PARAM_H -DHAVE_SYS_POLL_H -DHAVE_SYS_RESOURCE_H -DHAVE_SYS_SELECT_H -DHAVE_SYS_SOCKET_H -DHAVE_SYS_SOCKIO_H -DHAVE_SYS_STAT_H -DHAVE_SYS_TIME_H -DHAVE_SYS_TYPES_H -DHAVE_SYS_UIO_H -DHAVE_SYS_UN_H -DHAVE_SYS_XATTR_H -DHAVE_ALLOCA_H -DHAVE_ARPA_INET_H -DHAVE_ARPA_TFTP_H -DHAVE_ASSERT_H -DHAVE_ERRNO_H -DHAVE_FCNTL_H -DHAVE_IFADDRS_H -DHAVE_LIBGEN_H -DHAVE_LOCALE_H -DHAVE_NET_IF_H -DHAVE_NETDB_H -DHAVE_NETINET_IN_H -DHAVE_NETINET_TCP_H -DHAVE_POLL_H -DHAVE_PWD_H -DHAVE_SETJMP_H -DHAVE_SIGNAL_H -DHAVE_STDBOOL_H -DHAVE_STDINT_H -DHAVE_STDIO_H -DHAVE_STDLIB_H -DHAVE_STRING_H -DHAVE_STRINGS_H -DHAVE_TERMIOS_H -DHAVE_TIME_H -DHAVE_UNISTD_H -DHAVE_UTIME_H -DHAVE_STDDEF_H -DHAVE_DLFCN_H -DHAVE_MEMORY_H -DHAVE_NETINET_IF_ETHER_H -DHAVE_STDINT_H -DHAVE_SYS_UTSNAME_H -arch arm64 -isysroot /Library/Developer/CommandLineTools/SDKs/MacOSX15.2.sdk -MD -MT CMakeFiles/cmTC_8962d.dir/CurlTests.c.o -MF CMakeFiles/cmTC_8962d.dir/CurlTests.c.o.d -o CMakeFiles/cmTC_8962d.dir/CurlTests.c.o -c /Users/artem/TripBot/build/_deps/curl-src/CMake/CurlTests.c
/Users/artem/TripBot/build/_deps/curl-src/CMake/CurlTests.c:404:43: error: use of undeclared identifier 'SO_NONBLOCK'
  404 |         if(0 != setsockopt(0, SOL_SOCKET, SO_NONBLOCK, 0, 0))
      |                                           ^
1 error generated.
make[1]: *** [CMakeFiles/cmTC_8962d.dir/CurlTests.c.o] Error 1
make: *** [cmTC_8962d/fast] Error 2


Performing Curl Test HAVE_O_NONBLOCK failed with the following output:
Change Dir: '/Users/artem/TripBot/build/CMakeFiles/CMakeTmp'

Run Build Command(s): /opt/homebrew/Cellar/cmake/3.30.4/bin/cmake -E env VERBOSE=1 /usr/bin/make -f Makefile cmTC_2b351/fast
/Library/Developer/CommandLineTools/usr/bin/make  -f CMakeFiles/cmTC_2b351.dir/build.make CMakeFiles/cmTC_2b351.dir/build
Building C object CMakeFiles/cmTC_2b351.dir/CurlTests.c.o
/Library/Developer/CommandLineTools/usr/bin/cc   -DHAVE_O_NONBLOCK  -DHAVE_STDIO_H -DHAVE_INTTYPES_H -DHAVE_SYS_FILIO_H -DHAVE_SYS_IOCTL_H -DHAVE_SYS_PARAM_H -DHAVE_SYS_POLL_H -DHAVE_SYS_RESOURCE_H -DHAVE_SYS_SELECT_H -DHAVE_SYS_SOCKET_H -DHAVE_SYS_SOCKIO_H -DHAVE_SYS_STAT_H -DHAVE_SYS_TIME_H -DHAVE_SYS_TYPES_H -DHAVE_SYS_UIO_H -DHAVE_SYS_UN_H -DHAVE_SYS_XATTR_H -DHAVE_ALLOCA_H -DHAVE_ARPA_INET_H -DHAVE_ARPA_TFTP_H -DHAVE_ASSERT_H -DHAVE_ERRNO_H -DHAVE_FCNTL_H -DHAVE_IFADDRS_H -DHAVE_LIBGEN_H -DHAVE_LOCALE_H -DHAVE_NET_IF_H -DHAVE_NETDB_H -DHAVE_NETINET_IN_H -DHAVE_NETINET_TCP_H -DHAVE_POLL_H -DHAVE_PWD_H -DHAVE_SETJMP_H -DHAVE_SIGNAL_H -DHAVE_STDBOOL_H -DHAVE_STDINT_H -DHAVE_STDIO_H -DHAVE_STDLIB_H -DHAVE_STRING_H -DHAVE_STRINGS_H -DHAVE_TERMIOS_H -DHAVE_TIME_H -DHAVE_UNISTD_H -DHAVE_UTIME_H -DHAVE_STDDEF_H -DHAVE_DLFCN_H -DHAVE_MEMORY_H -DHAVE_NETINET_IF_ETHER_H -DHAVE_STDINT_H -DHAVE_SYS_UTSNAME_H -arch arm64 -isysroot /Library/Developer/CommandLineTools/SDKs/MacOSX15.2.sdk -MD -MT CMakeFiles/cmTC_2b351.dir/CurlTests.c.o -MF CMakeFiles/cmTC_2b351.dir/CurlTests.c.o.d -o CMakeFiles/cmTC_2b351.dir/CurlTests.c.o -c /Users/artem/TripBot/build/_deps/curl-src/CMake/CurlTests.c
Linking C executable cmTC_2b351
/opt/homebrew/Cellar/cmake/3.30.4/bin/cmake -E cmake_link_script CMakeFiles/cmTC_2b351.dir/link.txt --verbose=1
/Library/Developer/CommandLineTools/usr/bin/cc  -DHAVE_O_NONBLOCK  -DHAVE_STDIO_H -DHAVE_INTTYPES_H -DHAVE_SYS_FILIO_H -DHAVE_SYS_IOCTL_H -DHAVE_SYS_PARAM_H -DHAVE_SYS_POLL_H -DHAVE_SYS_RESOURCE_H -DHAVE_SYS_SELECT_H -DHAVE_SYS_SOCKET_H -DHAVE_SYS_SOCKIO_H -DHAVE_SYS_STAT_H -DHAVE_SYS_TIME_H -DHAVE_SYS_TYPES_H -DHAVE_SYS_UIO_H -DHAVE_SYS_UN_H -DHAVE_SYS_XATTR_H -DHAVE_ALLOCA_H -DHAVE_ARPA_INET_H -DHAVE_ARPA_TFTP_H -DHAVE_ASSERT_H -DHAVE_ERRNO_H -DHAVE_FCNTL_H -DHAVE_IFADDRS_H -DHAVE_LIBGEN_H -DHAVE_LOCALE_H -DHAVE_NET_IF_H -DHAVE_NETDB_H -DHAVE_NETINET_IN_H -DHAVE_NETINET_TCP_H -DHAVE_POLL_H -DHAVE_PWD_H -DHAVE_SETJMP_H -DHAVE_SIGNAL_H -DHAVE_STDBOOL_H -DHAVE_STDINT_H -DHAVE_STDIO_H -DHAVE_STDLIB_H -DHAVE_STRING_H -DHAVE_STRINGS_H -DHAVE_TERMIOS_H -DHAVE_TIME_H -DHAVE_UNISTD_H -DHAVE_UTIME_H -DHAVE_STDDEF_H -DHAVE_DLFCN_H -DHAVE_MEMORY_H -DHAVE_NETINET_IF_ETHER_H -DHAVE_STDINT_H -DHAVE_SYS_UTSNAME_H -arch arm64 -isysroot /Library/Developer/CommandLineTools/SDKs/MacOSX15.2.sdk -Wl,-search_paths_first -Wl,-headerpad_max_install_names CMakeFiles/cmTC_2b351.dir/CurlTests.c.o -o cmTC_2b351
Undefined symbols for architecture arm64:
  "_main", referenced from:
      <initial-undefines>
ld: symbol(s) not found for architecture arm64
cc: error: linker command failed with exit code 1 (use -v to see invocation)
make[1]: *** [cmTC_2b351] Error 1
make: *** [cmTC_2b351/fast] Error 2


Performing Curl Test HAVE_GETHOSTBYNAME_R_3 failed with the following output:
Change Dir: '/Users/artem/TripBot/build/CMakeFiles/CMakeTmp'

Run Build Command(s): /opt/homebrew/Cellar/cmake/3.30.4/bin/cmake -E env VERBOSE=1 /usr/bin/make -f Makefile cmTC_6aed0/fast
/Library/Developer/CommandLineTools/usr/bin/make  -f CMakeFiles/cmTC_6aed0.dir/build.make CMakeFiles/cmTC_6aed0.dir/build
Building C object CMakeFiles/cmTC_6aed0.dir/CurlTests.c.o
/Library/Developer/CommandLineTools/usr/bin/cc   -DHAVE_GETHOSTBYNAME_R_3  -DHAVE_STDIO_H -DHAVE_INTTYPES_H -DHAVE_SYS_FILIO_H -DHAVE_SYS_IOCTL_H -DHAVE_SYS_PARAM_H -DHAVE_SYS_POLL_H -DHAVE_SYS_RESOURCE_H -DHAVE_SYS_SELECT_H -DHAVE_SYS_SOCKET_H -DHAVE_SYS_SOCKIO_H -DHAVE_SYS_STAT_H -DHAVE_SYS_TIME_H -DHAVE_SYS_TYPES_H -DHAVE_SYS_UIO_H -DHAVE_SYS_UN_H -DHAVE_SYS_XATTR_H -DHAVE_ALLOCA_H -DHAVE_ARPA_INET_H -DHAVE_ARPA_TFTP_H -DHAVE_ASSERT_H -DHAVE_ERRNO_H -DHAVE_FCNTL_H -DHAVE_IFADDRS_H -DHAVE_LIBGEN_H -DHAVE_LOCALE_H -DHAVE_NET_IF_H -DHAVE_NETDB_H -DHAVE_NETINET_IN_H -DHAVE_NETINET_TCP_H -DHAVE_POLL_H -DHAVE_PWD_H -DHAVE_SETJMP_H -DHAVE_SIGNAL_H -DHAVE_STDBOOL_H -DHAVE_STDINT_H -DHAVE_STDIO_H -DHAVE_STDLIB_H -DHAVE_STRING_H -DHAVE_STRINGS_H -DHAVE_TERMIOS_H -DHAVE_TIME_H -DHAVE_UNISTD_H -DHAVE_UTIME_H -DHAVE_STDDEF_H -DHAVE_DLFCN_H -DHAVE_MEMORY_H -DHAVE_NETINET_IF_ETHER_H -DHAVE_STDINT_H -DHAVE_SYS_UTSNAME_H -arch arm64 -isysroot /Library/Developer/CommandLineTools/SDKs/MacOSX15.2.sdk -MD -MT CMakeFiles/cmTC_6aed0.dir/CurlTests.c.o -MF CMakeFiles/cmTC_6aed0.dir/CurlTests.c.o.d -o CMakeFiles/cmTC_6aed0.dir/CurlTests.c.o -c /Users/artem/TripBot/build/_deps/curl-src/CMake/CurlTests.c
/Users/artem/TripBot/build/_deps/curl-src/CMake/CurlTests.c:97:23: error: variable has incomplete type 'struct hostent_data'
   97 |   struct hostent_data hdata;
      |                       ^
/Users/artem/TripBot/build/_deps/curl-src/CMake/CurlTests.c:97:10: note: forward declaration of 'struct hostent_data'
   97 |   struct hostent_data hdata;
      |          ^
/Users/artem/TripBot/build/_deps/curl-src/CMake/CurlTests.c:109:8: error: call to undeclared function 'gethostbyname_r'; ISO C99 and later do not support implicit function declarations [-Wimplicit-function-declaration]
  109 |   rc = gethostbyname_r(address, &h, &hdata);
      |        ^
2 errors generated.
make[1]: *** [CMakeFiles/cmTC_6aed0.dir/CurlTests.c.o] Error 1
make: *** [cmTC_6aed0/fast] Error 2


Performing Curl Test HAVE_GETHOSTBYNAME_R_5 failed with the following output:
Change Dir: '/Users/artem/TripBot/build/CMakeFiles/CMakeTmp'

Run Build Command(s): /opt/homebrew/Cellar/cmake/3.30.4/bin/cmake -E env VERBOSE=1 /usr/bin/make -f Makefile cmTC_48acc/fast
/Library/Developer/CommandLineTools/usr/bin/make  -f CMakeFiles/cmTC_48acc.dir/build.make CMakeFiles/cmTC_48acc.dir/build
Building C object CMakeFiles/cmTC_48acc.dir/CurlTests.c.o
/Library/Developer/CommandLineTools/usr/bin/cc   -DHAVE_GETHOSTBYNAME_R_5  -DHAVE_STDIO_H -DHAVE_INTTYPES_H -DHAVE_SYS_FILIO_H -DHAVE_SYS_IOCTL_H -DHAVE_SYS_PARAM_H -DHAVE_SYS_POLL_H -DHAVE_SYS_RESOURCE_H -DHAVE_SYS_SELECT_H -DHAVE_SYS_SOCKET_H -DHAVE_SYS_SOCKIO_H -DHAVE_SYS_STAT_H -DHAVE_SYS_TIME_H -DHAVE_SYS_TYPES_H -DHAVE_SYS_UIO_H -DHAVE_SYS_UN_H -DHAVE_SYS_XATTR_H -DHAVE_ALLOCA_H -DHAVE_ARPA_INET_H -DHAVE_ARPA_TFTP_H -DHAVE_ASSERT_H -DHAVE_ERRNO_H -DHAVE_FCNTL_H -DHAVE_IFADDRS_H -DHAVE_LIBGEN_H -DHAVE_LOCALE_H -DHAVE_NET_IF_H -DHAVE_NETDB_H -DHAVE_NETINET_IN_H -DHAVE_NETINET_TCP_H -DHAVE_POLL_H -DHAVE_PWD_H -DHAVE_SETJMP_H -DHAVE_SIGNAL_H -DHAVE_STDBOOL_H -DHAVE_STDINT_H -DHAVE_STDIO_H -DHAVE_STDLIB_H -DHAVE_STRING_H -DHAVE_STRINGS_H -DHAVE_TERMIOS_H -DHAVE_TIME_H -DHAVE_UNISTD_H -DHAVE_UTIME_H -DHAVE_STDDEF_H -DHAVE_DLFCN_H -DHAVE_MEMORY_H -DHAVE_NETINET_IF_ETHER_H -DHAVE_STDINT_H -DHAVE_SYS_UTSNAME_H -arch arm64 -isysroot /Library/Developer/CommandLineTools/SDKs/MacOSX15.2.sdk -MD -MT CMakeFiles/cmTC_48acc.dir/CurlTests.c.o -MF CMakeFiles/cmTC_48acc.dir/CurlTests.c.o.d -o CMakeFiles/cmTC_48acc.dir/CurlTests.c.o -c /Users/artem/TripBot/build/_deps/curl-src/CMake/CurlTests.c
/Users/artem/TripBot/build/_deps/curl-src/CMake/CurlTests.c:112:8: error: call to undeclared function 'gethostbyname_r'; ISO C99 and later do not support implicit function declarations [-Wimplicit-function-declaration]
  112 |   rc = gethostbyname_r(address, &h, buffer, 8192, &h_errnop);
      |        ^
1 error generated.
make[1]: *** [CMakeFiles/cmTC_48acc.dir/CurlTests.c.o] Error 1
make: *** [cmTC_48acc/fast] Error 2


Performing Curl Test HAVE_GETHOSTBYNAME_R_6 failed with the following output:
Change Dir: '/Users/artem/TripBot/build/CMakeFiles/CMakeTmp'

Run Build Command(s): /opt/homebrew/Cellar/cmake/3.30.4/bin/cmake -E env VERBOSE=1 /usr/bin/make -f Makefile cmTC_83bd0/fast
/Library/Developer/CommandLineTools/usr/bin/make  -f CMakeFiles/cmTC_83bd0.dir/build.make CMakeFiles/cmTC_83bd0.dir/build
Building C object CMakeFiles/cmTC_83bd0.dir/CurlTests.c.o
/Library/Developer/CommandLineTools/usr/bin/cc   -DHAVE_GETHOSTBYNAME_R_6  -DHAVE_STDIO_H -DHAVE_INTTYPES_H -DHAVE_SYS_FILIO_H -DHAVE_SYS_IOCTL_H -DHAVE_SYS_PARAM_H -DHAVE_SYS_POLL_H -DHAVE_SYS_RESOURCE_H -DHAVE_SYS_SELECT_H -DHAVE_SYS_SOCKET_H -DHAVE_SYS_SOCKIO_H -DHAVE_SYS_STAT_H -DHAVE_SYS_TIME_H -DHAVE_SYS_TYPES_H -DHAVE_SYS_UIO_H -DHAVE_SYS_UN_H -DHAVE_SYS_XATTR_H -DHAVE_ALLOCA_H -DHAVE_ARPA_INET_H -DHAVE_ARPA_TFTP_H -DHAVE_ASSERT_H -DHAVE_ERRNO_H -DHAVE_FCNTL_H -DHAVE_IFADDRS_H -DHAVE_LIBGEN_H -DHAVE_LOCALE_H -DHAVE_NET_IF_H -DHAVE_NETDB_H -DHAVE_NETINET_IN_H -DHAVE_NETINET_TCP_H -DHAVE_POLL_H -DHAVE_PWD_H -DHAVE_SETJMP_H -DHAVE_SIGNAL_H -DHAVE_STDBOOL_H -DHAVE_STDINT_H -DHAVE_STDIO_H -DHAVE_STDLIB_H -DHAVE_STRING_H -DHAVE_STRINGS_H -DHAVE_TERMIOS_H -DHAVE_TIME_H -DHAVE_UNISTD_H -DHAVE_UTIME_H -DHAVE_STDDEF_H -DHAVE_DLFCN_H -DHAVE_MEMORY_H -DHAVE_NETINET_IF_ETHER_H -DHAVE_STDINT_H -DHAVE_SYS_UTSNAME_H -arch arm64 -isysroot /Library/Developer/CommandLineTools/SDKs/MacOSX15.2.sdk -MD -MT CMakeFiles/cmTC_83bd0.dir/CurlTests.c.o -MF CMakeFiles/cmTC_83bd0.dir/CurlTests.c.o.d -o CMakeFiles/cmTC_83bd0.dir/CurlTests.c.o -c /Users/artem/TripBot/build/_deps/curl-src/CMake/CurlTests.c
/Users/artem/TripBot/build/_deps/curl-src/CMake/CurlTests.c:116:8: error: call to undeclared function 'gethostbyname_r'; ISO C99 and later do not support implicit function declarations [-Wimplicit-function-declaration]
  116 |   rc = gethostbyname_r(address, &h, buffer, 8192, &hp, &h_errnop);
      |        ^
1 error generated.
make[1]: *** [CMakeFiles/cmTC_83bd0.dir/CurlTests.c.o] Error 1
make: *** [cmTC_83bd0/fast] Error 2


Performing Curl Test HAVE_GETHOSTBYNAME_R_3_REENTRANT failed with the following output:
Change Dir: '/Users/artem/TripBot/build/CMakeFiles/CMakeTmp'

Run Build Command(s): /opt/homebrew/Cellar/cmake/3.30.4/bin/cmake -E env VERBOSE=1 /usr/bin/make -f Makefile cmTC_1fc68/fast
/Library/Developer/CommandLineTools/usr/bin/make  -f CMakeFiles/cmTC_1fc68.dir/build.make CMakeFiles/cmTC_1fc68.dir/build
Building C object CMakeFiles/cmTC_1fc68.dir/CurlTests.c.o
/Library/Developer/CommandLineTools/usr/bin/cc   -DHAVE_GETHOSTBYNAME_R_3_REENTRANT  -DHAVE_STDIO_H -DHAVE_INTTYPES_H -DHAVE_SYS_FILIO_H -DHAVE_SYS_IOCTL_H -DHAVE_SYS_PARAM_H -DHAVE_SYS_POLL_H -DHAVE_SYS_RESOURCE_H -DHAVE_SYS_SELECT_H -DHAVE_SYS_SOCKET_H -DHAVE_SYS_SOCKIO_H -DHAVE_SYS_STAT_H -DHAVE_SYS_TIME_H -DHAVE_SYS_TYPES_H -DHAVE_SYS_UIO_H -DHAVE_SYS_UN_H -DHAVE_SYS_XATTR_H -DHAVE_ALLOCA_H -DHAVE_ARPA_INET_H -DHAVE_ARPA_TFTP_H -DHAVE_ASSERT_H -DHAVE_ERRNO_H -DHAVE_FCNTL_H -DHAVE_IFADDRS_H -DHAVE_LIBGEN_H -DHAVE_LOCALE_H -DHAVE_NET_IF_H -DHAVE_NETDB_H -DHAVE_NETINET_IN_H -DHAVE_NETINET_TCP_H -DHAVE_POLL_H -DHAVE_PWD_H -DHAVE_SETJMP_H -DHAVE_SIGNAL_H -DHAVE_STDBOOL_H -DHAVE_STDINT_H -DHAVE_STDIO_H -DHAVE_STDLIB_H -DHAVE_STRING_H -DHAVE_STRINGS_H -DHAVE_TERMIOS_H -DHAVE_TIME_H -DHAVE_UNISTD_H -DHAVE_UTIME_H -DHAVE_STDDEF_H -DHAVE_DLFCN_H -DHAVE_MEMORY_H -DHAVE_NETINET_IF_ETHER_H -DHAVE_STDINT_H -DHAVE_SYS_UTSNAME_H -arch arm64 -isysroot /Library/Developer/CommandLineTools/SDKs/MacOSX15.2.sdk -MD -MT CMakeFiles/cmTC_1fc68.dir/CurlTests.c.o -MF CMakeFiles/cmTC_1fc68.dir/CurlTests.c.o.d -o CMakeFiles/cmTC_1fc68.dir/CurlTests.c.o -c /Users/artem/TripBot/build/_deps/curl-src/CMake/CurlTests.c
/Users/artem/TripBot/build/_deps/curl-src/CMake/CurlTests.c:97:23: error: variable has incomplete type 'struct hostent_data'
   97 |   struct hostent_data hdata;
      |                       ^
/Users/artem/TripBot/build/_deps/curl-src/CMake/CurlTests.c:97:10: note: forward declaration of 'struct hostent_data'
   97 |   struct hostent_data hdata;
      |          ^
/Users/artem/TripBot/build/_deps/curl-src/CMake/CurlTests.c:109:8: error: call to undeclared function 'gethostbyname_r'; ISO C99 and later do not support implicit function declarations [-Wimplicit-function-declaration]
  109 |   rc = gethostbyname_r(address, &h, &hdata);
      |        ^
2 errors generated.
make[1]: *** [CMakeFiles/cmTC_1fc68.dir/CurlTests.c.o] Error 1
make: *** [cmTC_1fc68/fast] Error 2


Performing Curl Test HAVE_GETHOSTBYNAME_R_5_REENTRANT failed with the following output:
Change Dir: '/Users/artem/TripBot/build/CMakeFiles/CMakeTmp'

Run Build Command(s): /opt/homebrew/Cellar/cmake/3.30.4/bin/cmake -E env VERBOSE=1 /usr/bin/make -f Makefile cmTC_3a314/fast
/Library/Developer/CommandLineTools/usr/bin/make  -f CMakeFiles/cmTC_3a314.dir/build.make CMakeFiles/cmTC_3a314.dir/build
Building C object CMakeFiles/cmTC_3a314.dir/CurlTests.c.o
/Library/Developer/CommandLineTools/usr/bin/cc   -DHAVE_GETHOSTBYNAME_R_5_REENTRANT  -DHAVE_STDIO_H -DHAVE_INTTYPES_H -DHAVE_SYS_FILIO_H -DHAVE_SYS_IOCTL_H -DHAVE_SYS_PARAM_H -DHAVE_SYS_POLL_H -DHAVE_SYS_RESOURCE_H -DHAVE_SYS_SELECT_H -DHAVE_SYS_SOCKET_H -DHAVE_SYS_SOCKIO_H -DHAVE_SYS_STAT_H -DHAVE_SYS_TIME_H -DHAVE_SYS_TYPES_H -DHAVE_SYS_UIO_H -DHAVE_SYS_UN_H -DHAVE_SYS_XATTR_H -DHAVE_ALLOCA_H -DHAVE_ARPA_INET_H -DHAVE_ARPA_TFTP_H -DHAVE_ASSERT_H -DHAVE_ERRNO_H -DHAVE_FCNTL_H -DHAVE_IFADDRS_H -DHAVE_LIBGEN_H -DHAVE_LOCALE_H -DHAVE_NET_IF_H -DHAVE_NETDB_H -DHAVE_NETINET_IN_H -DHAVE_NETINET_TCP_H -DHAVE_POLL_H -DHAVE_PWD_H -DHAVE_SETJMP_H -DHAVE_SIGNAL_H -DHAVE_STDBOOL_H -DHAVE_STDINT_H -DHAVE_STDIO_H -DHAVE_STDLIB_H -DHAVE_STRING_H -DHAVE_STRINGS_H -DHAVE_TERMIOS_H -DHAVE_TIME_H -DHAVE_UNISTD_H -DHAVE_UTIME_H -DHAVE_STDDEF_H -DHAVE_DLFCN_H -DHAVE_MEMORY_H -DHAVE_NETINET_IF_ETHER_H -DHAVE_STDINT_H -DHAVE_SYS_UTSNAME_H -arch arm64 -isysroot /Library/Developer/CommandLineTools/SDKs/MacOSX15.2.sdk -MD -MT CMakeFiles/cmTC_3a314.dir/CurlTests.c.o -MF CMakeFiles/cmTC_3a314.dir/CurlTests.c.o.d -o CMakeFiles/cmTC_3a314.dir/CurlTests.c.o -c /Users/artem/TripBot/build/_deps/curl-src/CMake/CurlTests.c
/Users/artem/TripBot/build/_deps/curl-src/CMake/CurlTests.c:112:8: error: call to undeclared function 'gethostbyname_r'; ISO C99 and later do not support implicit function declarations [-Wimplicit-function-declaration]
  112 |   rc = gethostbyname_r(address, &h, buffer, 8192, &h_errnop);
      |        ^
1 error generated.
make[1]: *** [CMakeFiles/cmTC_3a314.dir/CurlTests.c.o] Error 1
make: *** [cmTC_3a314/fast] Error 2


Performing Curl Test HAVE_GETHOSTBYNAME_R_6_REENTRANT failed with the following output:
Change Dir: '/Users/artem/TripBot/build/CMakeFiles/CMakeTmp'

Run Build Command(s): /opt/homebrew/Cellar/cmake/3.30.4/bin/cmake -E env VERBOSE=1 /usr/bin/make -f Makefile cmTC_49afe/fast
/Library/Developer/CommandLineTools/usr/bin/make  -f CMakeFiles/cmTC_49afe.dir/build.make CMakeFiles/cmTC_49afe.dir/build
Building C object CMakeFiles/cmTC_49afe.dir/CurlTests.c.o
/Library/Developer/CommandLineTools/usr/bin/cc   -DHAVE_GETHOSTBYNAME_R_6_REENTRANT  -DHAVE_STDIO_H -DHAVE_INTTYPES_H -DHAVE_SYS_FILIO_H -DHAVE_SYS_IOCTL_H -DHAVE_SYS_PARAM_H -DHAVE_SYS_POLL_H -DHAVE_SYS_RESOURCE_H -DHAVE_SYS_SELECT_H -DHAVE_SYS_SOCKET_H -DHAVE_SYS_SOCKIO_H -DHAVE_SYS_STAT_H -DHAVE_SYS_TIME_H -DHAVE_SYS_TYPES_H -DHAVE_SYS_UIO_H -DHAVE_SYS_UN_H -DHAVE_SYS_XATTR_H -DHAVE_ALLOCA_H -DHAVE_ARPA_INET_H -DHAVE_ARPA_TFTP_H -DHAVE_ASSERT_H -DHAVE_ERRNO_H -DHAVE_FCNTL_H -DHAVE_IFADDRS_H -DHAVE_LIBGEN_H -DHAVE_LOCALE_H -DHAVE_NET_IF_H -DHAVE_NETDB_H -DHAVE_NETINET_IN_H -DHAVE_NETINET_TCP_H -DHAVE_POLL_H -DHAVE_PWD_H -DHAVE_SETJMP_H -DHAVE_SIGNAL_H -DHAVE_STDBOOL_H -DHAVE_STDINT_H -DHAVE_STDIO_H -DHAVE_STDLIB_H -DHAVE_STRING_H -DHAVE_STRINGS_H -DHAVE_TERMIOS_H -DHAVE_TIME_H -DHAVE_UNISTD_H -DHAVE_UTIME_H -DHAVE_STDDEF_H -DHAVE_DLFCN_H -DHAVE_MEMORY_H -DHAVE_NETINET_IF_ETHER_H -DHAVE_STDINT_H -DHAVE_SYS_UTSNAME_H -arch arm64 -isysroot /Library/Developer/CommandLineTools/SDKs/MacOSX15.2.sdk -MD -MT CMakeFiles/cmTC_49afe.dir/CurlTests.c.o -MF CMakeFiles/cmTC_49afe.dir/CurlTests.c.o.d -o CMakeFiles/cmTC_49afe.dir/CurlTests.c.o -c /Users/artem/TripBot/build/_deps/curl-src/CMake/CurlTests.c
/Users/artem/TripBot/build/_deps/curl-src/CMake/CurlTests.c:116:8: error: call to undeclared function 'gethostbyname_r'; ISO C99 and later do not support implicit function declarations [-Wimplicit-function-declaration]
  116 |   rc = gethostbyname_r(address, &h, buffer, 8192, &hp, &h_errnop);
      |        ^
1 error generated.
make[1]: *** [CMakeFiles/cmTC_49afe.dir/CurlTests.c.o] Error 1
make: *** [cmTC_49afe/fast] Error 2


Performing Curl Test HAVE_GLIBC_STRERROR_R failed with the following output:
Change Dir: '/Users/artem/TripBot/build/CMakeFiles/CMakeTmp'

Run Build Command(s): /opt/homebrew/Cellar/cmake/3.30.4/bin/cmake -E env VERBOSE=1 /usr/bin/make -f Makefile cmTC_6949f/fast
/Library/Developer/CommandLineTools/usr/bin/make  -f CMakeFiles/cmTC_6949f.dir/build.make CMakeFiles/cmTC_6949f.dir/build
Building C object CMakeFiles/cmTC_6949f.dir/CurlTests.c.o
/Library/Developer/CommandLineTools/usr/bin/cc   -DHAVE_GLIBC_STRERROR_R  -DHAVE_STDIO_H -DHAVE_INTTYPES_H -DHAVE_SYS_FILIO_H -DHAVE_SYS_IOCTL_H -DHAVE_SYS_PARAM_H -DHAVE_SYS_POLL_H -DHAVE_SYS_RESOURCE_H -DHAVE_SYS_SELECT_H -DHAVE_SYS_SOCKET_H -DHAVE_SYS_SOCKIO_H -DHAVE_SYS_STAT_H -DHAVE_SYS_TIME_H -DHAVE_SYS_TYPES_H -DHAVE_SYS_UIO_H -DHAVE_SYS_UN_H -DHAVE_SYS_XATTR_H -DHAVE_ALLOCA_H -DHAVE_ARPA_INET_H -DHAVE_ARPA_TFTP_H -DHAVE_ASSERT_H -DHAVE_ERRNO_H -DHAVE_FCNTL_H -DHAVE_IFADDRS_H -DHAVE_LIBGEN_H -DHAVE_LOCALE_H -DHAVE_NET_IF_H -DHAVE_NETDB_H -DHAVE_NETINET_IN_H -DHAVE_NETINET_TCP_H -DHAVE_POLL_H -DHAVE_PWD_H -DHAVE_SETJMP_H -DHAVE_SIGNAL_H -DHAVE_STDBOOL_H -DHAVE_STDINT_H -DHAVE_STDIO_H -DHAVE_STDLIB_H -DHAVE_STRING_H -DHAVE_STRINGS_H -DHAVE_TERMIOS_H -DHAVE_TIME_H -DHAVE_UNISTD_H -DHAVE_UTIME_H -DHAVE_STDDEF_H -DHAVE_DLFCN_H -DHAVE_MEMORY_H -DHAVE_NETINET_IF_ETHER_H -DHAVE_STDINT_H -DHAVE_SYS_UTSNAME_H -arch arm64 -isysroot /Library/Developer/CommandLineTools/SDKs/MacOSX15.2.sdk -MD -MT CMakeFiles/cmTC_6949f.dir/CurlTests.c.o -MF CMakeFiles/cmTC_6949f.dir/CurlTests.c.o.d -o CMakeFiles/cmTC_6949f.dir/CurlTests.c.o -c /Users/artem/TripBot/build/_deps/curl-src/CMake/CurlTests.c
/Users/artem/TripBot/build/_deps/curl-src/CMake/CurlTests.c:420:51: error: subscripted value is not an array, pointer, or vector
  420 |   check(strerror_r(EACCES, buffer, sizeof(buffer))[0]);
      |         ~~~~~~~~~~~~~~~~~~~~~~~~~~~~~~~~~~~~~~~~~~^~
1 error generated.
make[1]: *** [CMakeFiles/cmTC_6949f.dir/CurlTests.c.o] Error 1
make: *** [cmTC_6949f/fast] Error 2


